%!Adobe-FontList 1.24
%Locale:0x409

%BeginFont
Handler:DirectoryHandler
FontType:Invalid
OutlineFileName:/Users/macbookpro/Desktop/XTOPIA/Xtopia Brand Guideline Folder/Document fonts/AdobeFnt24.lst
FileLength:1228
FileModTime:800591488
%EndFont

%BeginFont
Handler:DirectoryHandler
FontType:Type1
FontName:MinionPro-Regular
FamilyName:Minion Pro
StyleName:Regular
MenuName:Minion Pro
StyleBits:0
WeightClass:400
WidthClass:5
AngleClass:0
FullName:Minion Pro
WritingScript:Roman
OutlineFileName:/Users/macbookpro/Desktop/XTOPIA/Xtopia Brand Guideline Folder/Document fonts/MinionPro-Regular.otf
DataFormat:sfntData
UsesStandardEncoding:yes
isCFF:yes
hasSVG:no
hasSBIX:no
hasCOLR:no
VariableFontType:NonVariableFont
FileLength:218640
FileModTime:765986759
DesignSize:110
NameArray:0,Mac,4,Minion Pro
NameArray:0,Win,1,Minion Pro
%EndFont

%BeginFont
Handler:DirectoryHandler
FontType:TrueType
FontName:Montserrat-Thin
FamilyName:Montserrat
StyleName:Thin
MenuName:Montserrat Thin
FamilyPrefix:MontserratRoman
StyleBits:0
WeightClass:100
WidthClass:5
AngleClass:0
FullName:Montserrat Thin
WritingScript:Roman
OutlineFileName:/Users/macbookpro/Desktop/XTOPIA/Xtopia Brand Guideline Folder/Document fonts/Montserrat-VariableFont_wght.ttf
DataFormat:sfntData
hasSVG:no
hasSBIX:no
hasCOLR:no
VariableFontType:TrueTypeVariableFont
FileLength:394140
FileModTime:345420000
NameArray:0,Win,1,Montserrat Thin
NameArray:0,Win,16,Montserrat
%EndFont

